// Jest Snapshot v1, https://goo.gl/fbAQLP

exports[`TopTodo component matches snapshot 1`] = `
<div>
  <div
    class="Todo"
    id="1"
  >
    <div>
      <b>
        test todo priority 1
      </b>
       
      <small>
        Priority: 
        1
      </small>
    </div>
    <div>
      <small>
        test desc
      </small>
    </div>
  </div>
</div>
`;
